[www.onlinetravian.com/index.html]
[backblue.gif]
[fade.gif]
[index.html]
[www.onlinetravian.com/resim/turk.ico]
[www.onlinetravian.com/favicon.ico]
[www.onlinetravian.com/css/home.css]
[www.onlinetravian.com/js/timer.js]
[www.google-analytics.com/analytics.js]
[pagead2.googlesyndication.com/pagead/js/f.txt]
[www.onlinetravian.com/img/x.gif]
[www.onlinetravian.com/resim/logo0001.png]
[www.onlinetravian.com/resim/guys.png]
[www.onlinetravian.com/img/yeni4.gif]
[www.onlinetravian.com/img/elogin1.png]
[www.onlinetravian.com/img/elogin2.png]
[www.onlinetravian.com/img/eregister1.png]
[www.onlinetravian.com/img/eregister2.png]
[www.onlinetravian.com/resim/forum.png]
[www.onlinetravian.com/resim/whatsapp-logo.png]
[www.onlinetravian.com/resim/ikon-instagram.png]
[www.onlinetravian.com/resim/youtube.jpg]
[images.dmca.com/Badges/dmca_protected_21_1203e7e.png]
[www.onlinetravian.com/index.html]
[images.dmca.com/Badges/DMCABadgeHelper.min.js]
[www.onlinetravian.com/img/Russia.png]
[www.onlinetravian.com/img/Britain.png]
[www.onlinetravian.com/css/home.css]
